// Jest Snapshot v1, https://goo.gl/fbAQLP

exports[`test my function first suite 1`] = `
[MockFunction] {
  "calls": Array [
    Array [],
  ],
  "results": Array [
    Object {
      "type": "return",
      "value": "first call",
    },
  ],
}
`;
